// Jest Snapshot v1, https://goo.gl/fbAQLP

exports[`BreadCrumb 1`] = `
<styled.div>
  <Link
    href="/"
    key="0"
  >
    <styled.div>
      TOP
      <span>
        &gt;
      </span>
    </styled.div>
  </Link>
  <Link
    href="/"
    key="1"
  >
    <styled.div>
      SECOND
      <span>
        &gt;
      </span>
    </styled.div>
  </Link>
  <Link
    href="/"
    key="2"
  >
    <styled.div>
      THIRD
      <span>
        &gt;
      </span>
    </styled.div>
  </Link>
</styled.div>
`;
